00:11:20 **** Auto Build of configuration Debug for project SW_HW_serial ****
make pre-build main-build 
a9-linaro-pre-build-step
 
Building file: ../src/main.cpp
Invoking: ARM v7 g++ compiler
arm-none-eabi-g++ -Wall -O0 -g3 -I/home/pe_s/Documents/Libraries/Eigen -c -fmessage-length=0 -MT"src/main.o" -mcpu=cortex-a9 -mfpu=neon -mfpu=vfpv3 -mfloat-abi=hard -I../../SW_HW_serial_bsp/ps7_cortexa9_0/include -MMD -MP -MF"src/main.d" -MT"src/main.o" -o "src/main.o" "../src/main.cpp"
../src/main.cpp: In function ‘int main()’:
../src/main.cpp:66:11: warning: unused variable ‘accuracy’ [-Wunused-variable]
     float accuracy = hw_train(features, labels, nb_examples, nb_iterations);
           ^
Finished building: ../src/main.cpp
 
Building target: SW_HW_serial.elf
Invoking: ARM v7 g++ linker
arm-none-eabi-g++ -mcpu=cortex-a9 -mfpu=vfpv3 -mfloat-abi=hard -Wl,-build-id=none -specs=Xilinx.spec -Wl,-T -Wl,../src/lscript.ld -L../../SW_HW_serial_bsp/ps7_cortexa9_0/lib -o "SW_HW_serial.elf"  ./src/hw_imp.o ./src/main.o ./src/sw_imp.o ./src/utility.o   -Wl,--start-group,-lxil,-lgcc,-lc,-lstdc++,--end-group
Finished building target: SW_HW_serial.elf
 
Invoking: ARM v7 Print Size
arm-none-eabi-size SW_HW_serial.elf  |tee "SW_HW_serial.elf.size"
   text	   data	    bss	    dec	    hex	filename
 362336	   2680	 708984	1074000	 106350	SW_HW_serial.elf
Finished building: SW_HW_serial.elf.size
 

00:11:21 Build Finished (took 1s.140ms)

